ModelExpression,ParamNames,InitialValues,XData,YData,XName,Threshold,MaxIter,OutlierRatio,ModelType,YName,MinSampleSize,Confidence,Seed,ParamValues,InlierMask,ResidualSum,Iterations,Status,StatusMessage,InlierRatio:userextensions:UserExtensions:
Region,RegionDilation,Width,Height:userextensions:UserExtensions:
Region,RegionErosion,Width,Height:userextensions:UserExtensions:
Region,RegionDilation,Radius:userextensions:UserExtensions:
Region,RegionErosion,Radius:userextensions:UserExtensions:
BinImage,Region,Threshold:userextensions:UserExtensions:
Region,BinImage,ForegroundGray,BackgroundGray,Width,Height:userextensions:UserExtensions:
Region,RegionTrans,Type:userextensions:UserExtensions:
Regions,StructureFactor:userextensions:UserExtensions:
Regions,Bulkiness:userextensions:UserExtensions:
Regions,Anisometry:userextensions:UserExtensions:
Regions,Rectangularity:userextensions:UserExtensions:
Regions,Convexity:userextensions:UserExtensions:
Regions,Compactness:userextensions:UserExtensions:
Regions,Circularity:userextensions:UserExtensions:
Regions,Contlength:userextensions:UserExtensions:
Regions,Ra,Rb,Phi:userextensions:UserExtensions:
Regions,Row,Column,Radius:userextensions:UserExtensions:
Regions,Row,Column,Phi,Length1,Length2:userextensions:UserExtensions:
Regions,Row1,Column1,Row2,Column2:userextensions:UserExtensions:
Regions,Area,Row,Column:userextensions:UserExtensions:
Rectangle,Row1,Column1,Row2,Column2:userextensions:UserExtensions:
Circle,Row,Column,Radius:userextensions:UserExtensions:
Region,RegionFillUp:userextensions:UserExtensions:
Region,StructElement,RegionClosing:userextensions:UserExtensions:
Region,StructElement,RegionOpening:userextensions:UserExtensions:
Region,StructElement,RegionDilation,Iterations:userextensions:UserExtensions:
Region1,Region2,RegionSymmDifference:userextensions:UserExtensions:
Region,RegionComplement:userextensions:UserExtensions:
Region1,Region2,RegionDifference:userextensions:UserExtensions:
Regions,RegionUnion:userextensions:UserExtensions:
Regions,SelectedRegions,Features,Operation,Min,Max:userextensions:UserExtensions:
Region,ConnectedRegions:userextensions:UserExtensions:
Region,StructElement,RegionErosion,Iterations:userextensions:UserExtensions:
Region1,Region2,RegionIntersection:userextensions:UserExtensions:
Region1,Region2,RegionUnion:userextensions:UserExtensions:
modelExpression,paramNames,xData,yData,zData,linearTolerance,paramValues,rss,rank,success,statusMessage:userextensions:UserExtensions:
modelExpression,paramNames,xData,yData,xName,linearTolerance,paramValues,rss,rank,success,statusMessage:userextensions:UserExtensions:
expressions,paramNames,initialValues,xNames,xData,yData,maxIter,eps,paramValues,rss,iterations,status,statusMessage:userextensions:UserExtensions:
modelExpression,paramNames,initialValues,xData,yData,xName,maxIter,eps,paramValues,rss,iterations,status,statusMessage:userextensions:UserExtensions:
imageX,imageY,imageXI,imageYI,interpMethod:userextensions:UserExtensions:
imageA,imageB,imageX:userextensions:UserExtensions:
imageA,imageB,imageX:userextensions:UserExtensions:
imageA,imageU,imageS,imageV:userextensions:UserExtensions:
image,value,index:userextensions:UserExtensions:
image,imageOut,descending:userextensions:UserExtensions:
image,nIndex,value:userextensions:UserExtensions:
image,imageOut,radius:userextensions:UserExtensions:
image,imageOut,radius:userextensions:UserExtensions:
image,imageOut,radius:userextensions:UserExtensions:
image,imageOut,radius:userextensions:UserExtensions:
image,imageOut,width,height:userextensions:UserExtensions:
image,imageOut,width,height:userextensions:UserExtensions:
image,imageOut,width,height:userextensions:UserExtensions:
image,imageOut,width,height:userextensions:UserExtensions:
image,imageOut,op,shape,kwidth,kheight,iterations:userextensions:UserExtensions:
X,Y,Magnitude:userextensions:UserExtensions:
image,imageOut,Dx,Dy,Ksize,Ddepth,Scale,Delta,BorderType:userextensions:UserExtensions:
images,imageMedian:userextensions:UserExtensions:
samples,labels,centers,K,attempts,termEps,termMaxIter,flags:userextensions:UserExtensions:
image,templateImage,result,methodId:userextensions:UserExtensions:
image,histogram,histSize,rangeMin,rangeMax:userextensions:UserExtensions:
image,imageOut,thresh,maxval,type,threshUsed:userextensions:UserExtensions:
image,imageOut,threshValue:userextensions:UserExtensions:
methodId,ransacThreshold,srcRow,srcCol,dstRow,dstCol,maxIters,confidence,refineIters,homMat2D,success,inlierCount:userextensions:UserExtensions:
imageA,imageB,imageX,methodId:userextensions:UserExtensions:
imageA,imageB,imageOut,alpha,beta,gamma:userextensions:UserExtensions:
imageA,imageB,imageOut:userextensions:UserExtensions:
image,imageOut,kwidth,kheight,anchorX,anchorY,borderType:userextensions:UserExtensions:
image,Column,Row,Phi,Length1,Length2,Sigma,Threshold,Transition,RowEdge,ColumnEdge,Amplitude:userextensions:UserExtensions:
image,kernel,imageOut,ddepth,anchorX,anchorY,delta,borderType:userextensions:UserExtensions:
image,imageOut,rows:userextensions:UserExtensions:
image,imageOut,ksize:userextensions:UserExtensions:
imageA,imageB,outimage,alpha,beta,flags:userextensions:UserExtensions:
inimage,filename,compression:userextensions:UserExtensions:
DictHandle:userextensions:UserExtensions:
DictHandle:userextensions:UserExtensions:
DictHandle:userextensions:UserExtensions:
DictHandle:userextensions:UserExtensions:
DictHandle:userextensions:UserExtensions:
DictHandle:userextensions:UserExtensions:
image_path,latitude,longitude,altitude,aperture,shutter_speed,iso_number,focal_length,date_time,camera_make,camera_model:userextensions:UserExtensions:
inimage,outimage,k_width,k_height,clipLimit:userextensions:UserExtensions:
smallimage,bigimage,sy,sx,ew,eh:userextensions:UserExtensions:
smallimage,bigimage,sy,sx,ew,eh:userextensions:UserExtensions:
smallimage,bigimage,sy,sx,ew,eh:userextensions:UserExtensions:
smallimage,bigimage,sy,sx,ew,eh:userextensions:UserExtensions:
smallimage,bigimage,sy,sx,ew,eh:userextensions:UserExtensions:
smallimage,bigimage,sy,sx,ew,eh:userextensions:UserExtensions:
inimage,outimage,acceleration:userextensions:UserExtensions:
inimage,outimage:userextensions:UserExtensions:
hv_DictHandle:userextensions:UserExtensions:
handle,result:userextensions:UserExtensions:
handle,sql,errmsg:userextensions:UserExtensions:
host,user,passwd,db,port,unix_socket,client_flag,handle,errmsg:userextensions:UserExtensions:
:userextensions:UserExtensions:
:userextensions:UserExtensions:
logger_name:userextensions:UserExtensions:
handle,level:userextensions:UserExtensions:
handle:userextensions:UserExtensions:
handle,pattern:userextensions:UserExtensions:
handle,level:userextensions:UserExtensions:
handle,msg:userextensions:UserExtensions:
handle,msg:userextensions:UserExtensions:
handle,msg:userextensions:UserExtensions:
handle,msg:userextensions:UserExtensions:
handle,msg:userextensions:UserExtensions:
handle,msg:userextensions:UserExtensions:
handle,level,msg:userextensions:UserExtensions:
logger_name,handle:userextensions:UserExtensions:
logger_name,handle:userextensions:UserExtensions:
logger_name,filename,hour,minute,handle:userextensions:UserExtensions:
logger_name,filename,max_file_size,max_files,handle:userextensions:UserExtensions:
logger_name,filename,truncate,handle:userextensions:UserExtensions:
queue_size,thread_count:userextensions:UserExtensions:
msg:userextensions:UserExtensions:
handle,address,num,bits:userextensions:UserExtensions:
handle,address,bit_depth,value:userextensions:UserExtensions:
handle,address,value,bit_depth:userextensions:UserExtensions:
handle,address,encodingType,value:userextensions:UserExtensions:
handle,address,value,encodingType:userextensions:UserExtensions:
handle,address,num,registers:userextensions:UserExtensions:
handle,address,registersvalues:userextensions:UserExtensions:
handle,address,Bitvalues:userextensions:UserExtensions:
handle,address,Bitvalues:userextensions:UserExtensions:
handle,address,value:userextensions:UserExtensions:
handle,address,num,bits:userextensions:UserExtensions:
handle,slave_id:userextensions:UserExtensions:
handle:userextensions:UserExtensions:
ip,port,handle:userextensions:UserExtensions:
port,baud,parity,data_bits,stop_bits,RS233orRS485,handle:userextensions:UserExtensions:
outimage,msg:userextensions:UserExtensions:
outimage,msg:userextensions:UserExtensions:
DbNumber,zFilename,isSave:userextensions:UserExtensions:
DbNumber,sql,errmsg:userextensions:UserExtensions:
DbNumber,sql,table_names,X,Y,errmsg:userextensions:UserExtensions:
DbNumber:userextensions:UserExtensions:
filename,DbNumber:userextensions:UserExtensions:
