cv_write_image(inimage,filename,compression)
short.ascii=Save image as PNG file (supports 8/16-bit, 1/3-channel).
keywords=UserExtensionsPNGWriteOpenCV
module=0 Foundation
parameter=inimage
parameter_class=input_object
sem_type=image
multivalue=optional
parameter=filename
parameter_class=input_control
type_list=string
default_type=string
sem_type=string
multivalue=false
parameter=compression
parameter_class=input_control
type_list=integer
default_value=3
default_type=integer
sem_type=number
multivalue=false
cv_estimate_affine_partial2d(DictHandle)
short.ascii=Estimate partial affine transformation using RANSAC (OpenCV).
keywords=UserExtensionsAffineRANSACOpenCV
module=0 Foundation
parameter=DictHandle
parameter_class=input_control
type_list=handle
default_type=handle
sem_type=handle
multivalue=false
cv_bf_knn_match(DictHandle)
short.ascii=BF KNN feature matching with Lowe's ratio test using OpenCV.
keywords=UserExtensionsBFKNNMatchOpenCV
module=0 Foundation
parameter=DictHandle
parameter_class=input_control
type_list=handle
default_type=handle
sem_type=handle
multivalue=false
cv_akaze_detect(DictHandle)
short.ascii=AKAZE feature detection and descriptor computation using OpenCV.
keywords=UserExtensionsAKAZEFeatureDetectionOpenCV
module=0 Foundation
parameter=DictHandle
parameter_class=input_control
type_list=handle
default_type=handle
sem_type=handle
multivalue=false
cv_orb_detect(DictHandle)
short.ascii=ORB feature detection and descriptor computation using OpenCV.
keywords=UserExtensionsORBFeatureDetectionOpenCV
module=0 Foundation
parameter=DictHandle
parameter_class=input_control
type_list=handle
default_type=handle
sem_type=handle
multivalue=false
write_image_exif(image_path,latitude,longitude,altitude,aperture,shutter_speed,iso_number,focal_length,date_time,camera_make,camera_model)
short.ascii=Write EXIF metadata to image file.
keywords=UserExtensionsEXIFMetadataGPS
module=0 Foundation
parameter=image_path
parameter_class=input_control
type_list=string
default_type=string
sem_type=filename
multivalue=false
parameter=latitude
parameter_class=input_control
type_list=realinteger
default_value=0.0
default_type=real
sem_type=number
multivalue=false
parameter=longitude
parameter_class=input_control
type_list=realinteger
default_value=0.0
default_type=real
sem_type=number
multivalue=false
parameter=altitude
parameter_class=input_control
type_list=realinteger
default_value=0.0
default_type=real
sem_type=number
multivalue=false
parameter=aperture
parameter_class=input_control
type_list=realinteger
default_value=0.0
default_type=real
sem_type=number
multivalue=false
parameter=shutter_speed
parameter_class=input_control
type_list=realinteger
default_value=0.0
default_type=real
sem_type=number
multivalue=false
parameter=iso_number
parameter_class=input_control
type_list=integer
default_value=100
default_type=integer
sem_type=number
multivalue=false
parameter=focal_length
parameter_class=input_control
type_list=realinteger
default_value=0.0
default_type=real
sem_type=number
multivalue=false
parameter=date_time
parameter_class=input_control
type_list=string
default_value=""
default_type=string
sem_type=string
multivalue=false
parameter=camera_make
parameter_class=input_control
type_list=string
default_value="Camera"
default_type=string
sem_type=string
multivalue=false
parameter=camera_model
parameter_class=input_control
type_list=string
default_value="Model"
default_type=string
sem_type=string
multivalue=false
CLAHE_image(inimage,outimage,k_width,k_height,clipLimit)
short.ascii=CLAHE image enhancement.
keywords=UserExtensions
module=0 Foundation
parameter=inimage
parameter_class=input_object
sem_type=image
multivalue=optional
parameter=outimage
parameter_class=output_object
sem_type=image
multivalue=optional
parameter=k_width
parameter_class=input_control
type_list=integer
default_type=integer
sem_type=number
multivalue=false
parameter=k_height
parameter_class=input_control
type_list=integer
default_type=integer
sem_type=number
multivalue=false
parameter=clipLimit
parameter_class=input_control
type_list=integer
default_type=integer
sem_type=number
multivalue=false
sub_A_roi(smallimage,bigimage,sy,sx,ew,eh)
short.ascii=Subtract big image from ROI (small - B).
keywords=UserExtensions
module=0 Foundation
parameter=smallimage
parameter_class=input_object
sem_type=image
multivalue=optional
parameter=bigimage
parameter_class=input_object
sem_type=image
multivalue=optional
parameter=sy
parameter_class=input_control
type_list=integer
default_type=integer
sem_type=number
multivalue=false
parameter=sx
parameter_class=input_control
type_list=integer
default_type=integer
sem_type=number
multivalue=false
parameter=ew
parameter_class=input_control
type_list=integer
default_type=integer
sem_type=number
multivalue=false
parameter=eh
parameter_class=input_control
type_list=integer
default_type=integer
sem_type=number
multivalue=false
div_A_roi(smallimage,bigimage,sy,sx,ew,eh)
short.ascii=Divide big image by ROI (small / B).
keywords=UserExtensions
module=0 Foundation
parameter=smallimage
parameter_class=input_object
sem_type=image
multivalue=optional
parameter=bigimage
parameter_class=input_object
sem_type=image
multivalue=optional
parameter=sy
parameter_class=input_control
type_list=integer
default_type=integer
sem_type=number
multivalue=false
parameter=sx
parameter_class=input_control
type_list=integer
default_type=integer
sem_type=number
multivalue=false
parameter=ew
parameter_class=input_control
type_list=integer
default_type=integer
sem_type=number
multivalue=false
parameter=eh
parameter_class=input_control
type_list=integer
default_type=integer
sem_type=number
multivalue=false
div_B_roi(smallimage,bigimage,sy,sx,ew,eh)
short.ascii=Divide ROI from big image (B / small).
keywords=UserExtensions
module=0 Foundation
parameter=smallimage
parameter_class=input_object
sem_type=image
multivalue=optional
parameter=bigimage
parameter_class=input_object
sem_type=image
multivalue=optional
parameter=sy
parameter_class=input_control
type_list=integer
default_type=integer
sem_type=number
multivalue=false
parameter=sx
parameter_class=input_control
type_list=integer
default_type=integer
sem_type=number
multivalue=false
parameter=ew
parameter_class=input_control
type_list=integer
default_type=integer
sem_type=number
multivalue=false
parameter=eh
parameter_class=input_control
type_list=integer
default_type=integer
sem_type=number
multivalue=false
sub_B_roi(smallimage,bigimage,sy,sx,ew,eh)
short.ascii=Subtract ROI from big image (B - small).
keywords=UserExtensions
module=0 Foundation
parameter=smallimage
parameter_class=input_object
sem_type=image
multivalue=optional
parameter=bigimage
parameter_class=input_object
sem_type=image
multivalue=optional
parameter=sy
parameter_class=input_control
type_list=integer
default_type=integer
sem_type=number
multivalue=false
parameter=sx
parameter_class=input_control
type_list=integer
default_type=integer
sem_type=number
multivalue=false
parameter=ew
parameter_class=input_control
type_list=integer
default_type=integer
sem_type=number
multivalue=false
parameter=eh
parameter_class=input_control
type_list=integer
default_type=integer
sem_type=number
multivalue=false
mul_roi(smallimage,bigimage,sy,sx,ew,eh)
short.ascii=Multiply ROI to big image.
keywords=UserExtensions
module=0 Foundation
parameter=smallimage
parameter_class=input_object
sem_type=image
multivalue=optional
parameter=bigimage
parameter_class=input_object
sem_type=image
multivalue=optional
parameter=sy
parameter_class=input_control
type_list=integer
default_type=integer
sem_type=number
multivalue=false
parameter=sx
parameter_class=input_control
type_list=integer
default_type=integer
sem_type=number
multivalue=false
parameter=ew
parameter_class=input_control
type_list=integer
default_type=integer
sem_type=number
multivalue=false
parameter=eh
parameter_class=input_control
type_list=integer
default_type=integer
sem_type=number
multivalue=false
add_roi(smallimage,bigimage,sy,sx,ew,eh)
short.ascii=Add ROI to big image.
keywords=UserExtensions
module=0 Foundation
parameter=smallimage
parameter_class=input_object
sem_type=image
multivalue=optional
parameter=bigimage
parameter_class=input_object
sem_type=image
multivalue=optional
parameter=sy
parameter_class=input_control
type_list=integer
default_type=integer
sem_type=number
multivalue=false
parameter=sx
parameter_class=input_control
type_list=integer
default_type=integer
sem_type=number
multivalue=false
parameter=ew
parameter_class=input_control
type_list=integer
default_type=integer
sem_type=number
multivalue=false
parameter=eh
parameter_class=input_control
type_list=integer
default_type=integer
sem_type=number
multivalue=false
PNGIn(inimage,outimage,acceleration)
short.ascii=Laplace Filter.
keywords=UserExtensions
module=0 Foundation
parameter=inimage
parameter_class=input_object
sem_type=image
multivalue=optional
parameter=outimage
parameter_class=output_object
sem_type=image
multivalue=optional
parameter=acceleration
parameter_class=input_control
type_list=integer
default_type=integer
sem_type=number
multivalue=false
PNGOut(inimage,outimage)
short.ascii=Laplace Filter.
keywords=UserExtensions
module=0 Foundation
parameter=inimage
parameter_class=input_object
sem_type=image
multivalue=optional
parameter=outimage
parameter_class=output_object
sem_type=image
multivalue=optional
remap(hv_DictHandle)
short.ascii=Laplace Filter.
keywords=UserExtensions
module=0 Foundation
parameter=hv_DictHandle
parameter_class=input_control
type_list=handle
default_type=handle
sem_type=handle
multivalue=false
mysql_store_result(handle,result)
short.ascii=读取上一条 mysql_query 的结果集，按行优先顺序展开为字符串元组。无数据时返回 NoData。
keywords=mysqlresult
module=0 Foundation
parameter=handle
parameter_class=input_control
type_list=handle
default_type=handle
sem_type=handle
multivalue=false
parameter=result
parameter_class=output_control
type_list=string
default_type=string
sem_type=string
multivalue=true
mysql_query(handle,sql,errmsg)
short.ascii=在指定 MySQL 连接上执行 SQL 语句，成功返回 OK，否则返回 mysql_error 信息。
keywords=mysqlquery
module=0 Foundation
parameter=handle
parameter_class=input_control
type_list=handle
default_type=handle
sem_type=handle
multivalue=false
parameter=sql
parameter_class=input_control
type_list=string
default_type=string
sem_type=string
multivalue=false
parameter=errmsg
parameter_class=output_control
type_list=string
default_type=string
sem_type=string
multivalue=false
mysql_real_connect(host,user,passwd,db,port,unix_socket,client_flag,handle,errmsg)
short.ascii=连接到 MySQL 服务器，成功时返回连接句柄；失败时 errmsg 为 mysql_error 返回的错误信息，否则为 OK。
keywords=mysqlconnect
module=0 Foundation
parameter=host
parameter_class=input_control
type_list=string
default_type=string
sem_type=string
multivalue=false
parameter=user
parameter_class=input_control
type_list=string
default_type=string
sem_type=string
multivalue=false
parameter=passwd
parameter_class=input_control
type_list=string
default_type=string
sem_type=string
multivalue=false
parameter=db
parameter_class=input_control
type_list=string
default_type=string
sem_type=string
multivalue=false
parameter=port
parameter_class=input_control
type_list=integer
default_type=integer
sem_type=number
multivalue=false
parameter=unix_socket
parameter_class=input_control
type_list=string
default_type=string
sem_type=string
multivalue=false
parameter=client_flag
parameter_class=input_control
type_list=integer
default_type=integer
sem_type=number
multivalue=false
parameter=handle
parameter_class=output_control
type_list=handle
default_type=handle
sem_type=handle
multivalue=false
parameter=errmsg
parameter_class=output_control
type_list=string
default_type=string
sem_type=string
multivalue=false
spdlog_shutdown()
short.ascii=关闭spdlog日志系统并释放所有资源。刷新所有记录器的缓冲区，移除所有记录器，关闭所有文件。应在程序结束时调用以确保日志完整写入。调用后如需继续使用日志功能，需重新创建记录器。
keywords=spdlogshutdown
module=0 Foundation
spdlog_drop_all()
short.ascii=从全局注册表中移除所有已注册的日志记录器。适用于需要重新配置所有记录器的场景。调用后所有记录器名称可被重新使用。
keywords=spdlogdropall
module=0 Foundation
spdlog_drop(logger_name)
short.ascii=从全局注册表中移除指定名称的日志记录器。移除后该名称可被重新用于创建新的记录器。注意：如果仍有句柄引用该记录器，句柄本身不会立即失效，但建议在drop之后不再使用旧句柄。
keywords=spdlogdropremove
module=0 Foundation
parameter=logger_name
parameter_class=input_control
type_list=string
default_type=string
sem_type=string
multivalue=false
spdlog_flush_on(handle,level)
short.ascii=设置自动刷新的触发级别。当记录的日志消息级别大于等于指定level时，自动执行flush操作。例如设为3(warn)，则每次记录warn、err、critical消息后都会自动刷新，确保重要日志立即写入文件。低于此级别的消息仍使用缓冲写入。
keywords=spdlogflushlevel
module=0 Foundation
parameter=handle
parameter_class=input_control
type_list=handle
default_type=handle
sem_type=handle
multivalue=false
parameter=level
parameter_class=input_control
value_list=0123456
type_list=integer
default_value=2
default_type=integer
sem_type=number
multivalue=false
spdlog_flush(handle)
short.ascii=立即将缓冲区中的日志消息刷新写入目标(文件或控制台)。spdlog默认使用缓冲写入以提高性能，调用此算子可确保所有已记录的消息立即落盘，适用于程序退出前或关键操作后确保日志不丢失。
keywords=spdlogflush
module=0 Foundation
parameter=handle
parameter_class=input_control
type_list=handle
default_type=handle
sem_type=handle
multivalue=false
spdlog_set_pattern(handle,pattern)
short.ascii=设置日志记录器的输出格式。使用spdlog格式占位符自定义日志行的显示格式。常用占位符：%Y=年、%m=月、%d=日、%H=时、%M=分、%S=秒、%e=毫秒、%n=记录器名称、%l=级别名称、%v=消息内容、%t=线程ID。默认格式为'[%Y-%m-%d %H:%M:%S.%e] [%n] [%l] %v'。
keywords=spdlogpatternformat
module=0 Foundation
parameter=handle
parameter_class=input_control
type_list=handle
default_type=handle
sem_type=handle
multivalue=false
parameter=pattern
parameter_class=input_control
type_list=string
default_type=string
sem_type=string
multivalue=false
spdlog_set_level(handle,level)
short.ascii=设置日志记录器的最低输出级别。只有级别大于等于此值的日志消息才会被实际记录。级别值：0=trace(全部输出)、1=debug、2=info(默认)、3=warn、4=err、5=critical、6=off(关闭所有输出)。例如设为3时，只有warn、err、critical消息会被记录。
keywords=spdloglevelset
module=0 Foundation
parameter=handle
parameter_class=input_control
type_list=handle
default_type=handle
sem_type=handle
multivalue=false
parameter=level
parameter_class=input_control
value_list=0123456
type_list=integer
default_value=2
default_type=integer
sem_type=number
multivalue=false
spdlog_critical(handle,msg)
short.ascii=记录一条critical(严重)级别的日志。critical级别(5)是最高严重级别，用于记录导致程序无法继续运行的致命错误。例如核心组件初始化失败、不可恢复的异常等。
keywords=spdloglogcritical
module=0 Foundation
parameter=handle
parameter_class=input_control
type_list=handle
default_type=handle
sem_type=handle
multivalue=false
parameter=msg
parameter_class=input_control
type_list=string
default_type=string
sem_type=string
multivalue=false
spdlog_err(handle,msg)
short.ascii=记录一条err(错误)级别的日志。err级别(4)用于记录运行时错误，表示某个操作失败但程序整体仍可运行。例如文件打开失败、通信超时等。
keywords=spdloglogerror
module=0 Foundation
parameter=handle
parameter_class=input_control
type_list=handle
default_type=handle
sem_type=handle
multivalue=false
parameter=msg
parameter_class=input_control
type_list=string
default_type=string
sem_type=string
multivalue=false
spdlog_warn(handle,msg)
short.ascii=记录一条warn(警告)级别的日志。warn级别(3)用于记录潜在的问题或异常情况，程序仍可继续运行，但需要关注。例如重试操作、配置缺失使用默认值等。
keywords=spdloglogwarnwarning
module=0 Foundation
parameter=handle
parameter_class=input_control
type_list=handle
default_type=handle
sem_type=handle
multivalue=false
parameter=msg
parameter_class=input_control
type_list=string
default_type=string
sem_type=string
multivalue=false
spdlog_info(handle,msg)
short.ascii=记录一条info(信息)级别的日志。info级别(2)是默认级别，用于记录程序正常运行的关键信息，如启动完成、处理结果等。
keywords=spdlogloginfo
module=0 Foundation
parameter=handle
parameter_class=input_control
type_list=handle
default_type=handle
sem_type=handle
multivalue=false
parameter=msg
parameter_class=input_control
type_list=string
default_type=string
sem_type=string
multivalue=false
spdlog_debug(handle,msg)
short.ascii=记录一条debug(调试)级别的日志。debug级别(1)用于记录开发调试阶段的诊断信息，正式运行时一般会关闭此级别。
keywords=spdloglogdebug
module=0 Foundation
parameter=handle
parameter_class=input_control
type_list=handle
default_type=handle
sem_type=handle
multivalue=false
parameter=msg
parameter_class=input_control
type_list=string
default_type=string
sem_type=string
multivalue=false
spdlog_trace(handle,msg)
short.ascii=记录一条trace(跟踪)级别的日志。trace是最低级别(0)，用于记录非常详细的程序运行信息，通常仅在深度调试时开启。需要先通过spdlog_set_level将级别设为0才能输出trace日志。
keywords=spdloglogtrace
module=0 Foundation
parameter=handle
parameter_class=input_control
type_list=handle
default_type=handle
sem_type=handle
multivalue=false
parameter=msg
parameter_class=input_control
type_list=string
default_type=string
sem_type=string
multivalue=false
spdlog_log(handle,level,msg)
short.ascii=使用指定级别记录一条日志消息。level参数指定日志级别：0=trace(跟踪)、1=debug(调试)、2=info(信息)、3=warn(警告)、4=err(错误)、5=critical(严重)。只有当level大于等于记录器当前设置的级别时，消息才会被实际写入。
keywords=spdlogloglevel
module=0 Foundation
parameter=handle
parameter_class=input_control
type_list=handle
default_type=handle
sem_type=handle
multivalue=false
parameter=level
parameter_class=input_control
value_list=012345
type_list=integer
default_value=2
default_type=integer
sem_type=number
multivalue=false
parameter=msg
parameter_class=input_control
type_list=string
default_type=string
sem_type=string
multivalue=false
spdlog_get(logger_name,handle)
short.ascii=根据名称获取已创建的日志记录器。通过logger_name查找之前创建的记录器并返回其句柄，可在不同位置共享同一个记录器。如果指定名称的记录器不存在则返回错误。
keywords=spdlogloggerget
module=0 Foundation
parameter=logger_name
parameter_class=input_control
type_list=string
default_type=string
sem_type=string
multivalue=false
parameter=handle
parameter_class=output_control
type_list=handle
default_type=handle
sem_type=handle
multivalue=false
spdlog_stdout_color_mt(logger_name,handle)
short.ascii=创建彩色控制台日志记录器(多线程安全)。日志消息输出到标准输出(stdout)，不同级别的日志会以不同颜色显示。适用于调试阶段在控制台查看日志。
keywords=spdlogloggerconsolecolorstdout
module=0 Foundation
parameter=logger_name
parameter_class=input_control
type_list=string
default_type=string
sem_type=string
multivalue=false
parameter=handle
parameter_class=output_control
type_list=handle
default_type=handle
sem_type=handle
multivalue=false
spdlog_daily_logger_mt(logger_name,filename,hour,minute,handle)
short.ascii=创建每日轮转文件日志记录器(多线程安全)。每天在指定的hour时minute分自动创建新的日志文件，旧文件名会自动添加日期后缀(如app_2026-04-12.log)。适用于需要按天归档日志的场景。
keywords=spdlogloggerfiledaily
module=0 Foundation
parameter=logger_name
parameter_class=input_control
type_list=string
default_type=string
sem_type=string
multivalue=false
parameter=filename
parameter_class=input_control
type_list=string
default_type=string
sem_type=string
multivalue=false
parameter=hour
parameter_class=input_control
type_list=integer
default_value=0
default_type=integer
sem_type=number
multivalue=false
parameter=minute
parameter_class=input_control
type_list=integer
default_value=0
default_type=integer
sem_type=number
multivalue=false
parameter=handle
parameter_class=output_control
type_list=handle
default_type=handle
sem_type=handle
multivalue=false
spdlog_rotating_logger_mt(logger_name,filename,max_file_size,max_files,handle)
short.ascii=创建滚动文件日志记录器(多线程安全)。当日志文件大小达到max_file_size字节时，自动创建新文件并对旧文件编号轮转，最多保留max_files个历史文件。适用于长时间运行的程序，防止单个日志文件过大。例如filename为app.log，轮转后生成app.1.log、app.2.log等。
keywords=spdlogloggerfilerotating
module=0 Foundation
parameter=logger_name
parameter_class=input_control
type_list=string
default_type=string
sem_type=string
multivalue=false
parameter=filename
parameter_class=input_control
type_list=string
default_type=string
sem_type=string
multivalue=false
parameter=max_file_size
parameter_class=input_control
type_list=integer
default_type=integer
sem_type=number
multivalue=false
parameter=max_files
parameter_class=input_control
type_list=integer
default_type=integer
sem_type=number
multivalue=false
parameter=handle
parameter_class=output_control
type_list=handle
default_type=handle
sem_type=handle
multivalue=false
spdlog_basic_logger_mt(logger_name,filename,truncate,handle)
short.ascii=创建基本文件日志记录器(多线程安全)。将日志消息写入指定的单个文件，适用于简单的日志记录场景。如果文件已存在，可通过truncate参数选择追加或清空后写入。logger_name为日志记录器的唯一名称，可通过spdlog_get按名称再次获取。
keywords=spdlogloggerfilebasic
module=0 Foundation
parameter=logger_name
parameter_class=input_control
type_list=string
default_type=string
sem_type=string
multivalue=false
parameter=filename
parameter_class=input_control
type_list=string
default_type=string
sem_type=string
multivalue=false
parameter=truncate
parameter_class=input_control
value_list=01
type_list=integer
default_value=0
default_type=integer
sem_type=number
multivalue=false
parameter=handle
parameter_class=output_control
type_list=handle
default_type=handle
sem_type=handle
multivalue=false
spdlog_init_thread_pool(queue_size,thread_count)
short.ascii=初始化spdlog异步线程池。在使用任何日志记录器之前调用，设置异步队列大小和后台线程数。queue_size为消息队列容量(默认8192)，thread_count为后台写入线程数(默认1)。如果未显式调用此算子，首次创建记录器时会自动以默认参数初始化。注意：线程池只能初始化一次，重复调用会被忽略。
keywords=spdloginitthread_poolasync
module=0 Foundation
parameter=queue_size
parameter_class=input_control
type_list=integer
default_value=8192
default_type=integer
sem_type=number
multivalue=false
parameter=thread_count
parameter_class=input_control
type_list=integer
default_value=1
default_type=integer
sem_type=number
multivalue=false
modbus_strerror(msg)
short.ascii=Laplace Filter.
keywords=UserExtensions
module=0 Foundation
parameter=msg
parameter_class=output_control
type_list=string
default_type=string
sem_type=string
multivalue=false
modbus_read_inputbits(handle,address,num,bits)
short.ascii=Read Modbus bits.
keywords=modbusreadbits
module=0 Foundation
parameter=handle
parameter_class=input_control
type_list=handle
default_type=handle
sem_type=handle
multivalue=false
parameter=address
parameter_class=input_control
type_list=integer
default_type=integer
sem_type=number
multivalue=false
parameter=num
parameter_class=input_control
type_list=integer
default_type=integer
sem_type=number
multivalue=false
parameter=bits
parameter_class=output_control
type_list=integer
default_type=integer
sem_type=number
multivalue=true
modbus_read_register_int(handle,address,bit_depth,value)
short.ascii=Read single int register (32/64 bit) from multiple modbus registers.
keywords=modbusreadregisterintbit_depth
module=0 Foundation
parameter=handle
parameter_class=input_control
type_list=handle
default_type=handle
sem_type=handle
multivalue=false
parameter=address
parameter_class=input_control
type_list=integer
default_type=integer
sem_type=number
multivalue=false
parameter=bit_depth
parameter_class=input_control
value_list=3264
type_list=integer
default_value=32
default_type=integer
sem_type=number
multivalue=false
parameter=value
parameter_class=output_control
type_list=integer
default_type=integer
sem_type=number
multivalue=false
modbus_write_register_int(handle,address,value,bit_depth)
short.ascii=Write single int register (32/64 bit) as multiple modbus registers.
keywords=modbuswriteregisterintbit_depth
module=0 Foundation
parameter=handle
parameter_class=input_control
type_list=handle
default_type=handle
sem_type=handle
multivalue=false
parameter=address
parameter_class=input_control
type_list=integer
default_type=integer
sem_type=number
multivalue=false
parameter=value
parameter_class=input_control
type_list=integer
default_type=integer
sem_type=number
multivalue=false
parameter=bit_depth
parameter_class=input_control
value_list=3264
type_list=integer
default_value=32
default_type=integer
sem_type=number
multivalue=false
modbus_read_register_float(handle,address,encodingType,value)
short.ascii=Read single float register (2 modbus registers) with byte-order encodingType.
keywords=modbusreadregisterfloatencodingType
module=0 Foundation
parameter=handle
parameter_class=input_control
type_list=handle
default_type=handle
sem_type=handle
multivalue=false
parameter=address
parameter_class=input_control
type_list=integer
default_type=integer
sem_type=number
multivalue=false
parameter=encodingType
parameter_class=input_control
type_list=string
default_type=string
sem_type=string
multivalue=false
parameter=value
parameter_class=output_control
type_list=real
default_type=real
sem_type=real
multivalue=false
modbus_write_register_float(handle,address,value,encodingType)
short.ascii=Write single float register (2 modbus registers) with byte-order encodingType.
keywords=modbuswriteregisterfloatencodingType
module=0 Foundation
parameter=handle
parameter_class=input_control
type_list=handle
default_type=handle
sem_type=handle
multivalue=false
parameter=address
parameter_class=input_control
type_list=integer
default_type=integer
sem_type=number
multivalue=false
parameter=value
parameter_class=input_control
type_list=real
default_type=real
sem_type=real
multivalue=false
parameter=encodingType
parameter_class=input_control
type_list=string
default_type=string
sem_type=string
multivalue=false
modbus_read_registers(handle,address,num,registers)
short.ascii=Read Modbus registers.
keywords=modbusreadregisters
module=0 Foundation
parameter=handle
parameter_class=input_control
type_list=handle
default_type=handle
sem_type=handle
multivalue=false
parameter=address
parameter_class=input_control
type_list=integer
default_type=integer
sem_type=number
multivalue=false
parameter=num
parameter_class=input_control
type_list=integer
default_type=integer
sem_type=number
multivalue=false
parameter=registers
parameter_class=output_control
type_list=integer
default_type=integer
sem_type=number
multivalue=true
modbus_write_registers(handle,address,registersvalues)
short.ascii=Write Modbus multiple registers.
keywords=modbuswriteregisters
module=0 Foundation
parameter=handle
parameter_class=input_control
type_list=handle
default_type=handle
sem_type=handle
multivalue=false
parameter=address
parameter_class=input_control
type_list=integer
default_type=integer
sem_type=number
multivalue=false
parameter=registersvalues
parameter_class=input_control
type_list=integer
default_type=integer
sem_type=number
multivalue=true
modbus_write_register(handle,address,Bitvalues)
short.ascii=Write Modbus single register.
keywords=modbuswriteregister
module=0 Foundation
parameter=handle
parameter_class=input_control
type_list=handle
default_type=handle
sem_type=handle
multivalue=false
parameter=address
parameter_class=input_control
type_list=integer
default_type=integer
sem_type=number
multivalue=false
parameter=Bitvalues
parameter_class=input_control
type_list=integer
default_type=integer
sem_type=number
multivalue=false
modbus_write_bits(handle,address,Bitvalues)
short.ascii=Write Modbus multiple bits.
keywords=modbuswritebits
module=0 Foundation
parameter=handle
parameter_class=input_control
type_list=handle
default_type=handle
sem_type=handle
multivalue=false
parameter=address
parameter_class=input_control
type_list=integer
default_type=integer
sem_type=number
multivalue=false
parameter=Bitvalues
parameter_class=input_control
type_list=integer
default_type=integer
sem_type=number
multivalue=true
modbus_write_bit(handle,address,value)
short.ascii=Write Modbus single bit.
keywords=modbuswritebit
module=0 Foundation
parameter=handle
parameter_class=input_control
type_list=handle
default_type=handle
sem_type=handle
multivalue=false
parameter=address
parameter_class=input_control
type_list=integer
default_type=integer
sem_type=number
multivalue=false
parameter=value
parameter_class=input_control
type_list=integer
default_type=integer
sem_type=number
multivalue=false
modbus_read_bits(handle,address,num,bits)
short.ascii=Read Modbus bits.
keywords=modbusreadbits
module=0 Foundation
parameter=handle
parameter_class=input_control
type_list=handle
default_type=handle
sem_type=handle
multivalue=false
parameter=address
parameter_class=input_control
type_list=integer
default_type=integer
sem_type=number
multivalue=false
parameter=num
parameter_class=input_control
type_list=integer
default_type=integer
sem_type=number
multivalue=false
parameter=bits
parameter_class=output_control
type_list=integer
default_type=integer
sem_type=number
multivalue=true
modbus_set_slave_ID(handle,slave_id)
short.ascii=Set Modbus slave ID.
keywords=modbusslaveid
module=0 Foundation
parameter=handle
parameter_class=input_control
type_list=handle
default_type=handle
sem_type=handle
multivalue=false
parameter=slave_id
parameter_class=input_control
type_list=integer
default_type=integer
sem_type=number
multivalue=false
modbus_close(handle)
short.ascii=Close Modbus connection.
keywords=modbusclose
module=0 Foundation
parameter=handle
parameter_class=input_control
type_list=handle
default_type=handle
sem_type=handle
multivalue=false
modbus_tcp_connect(ip,port,handle)
short.ascii=Connect to Modbus TCP device.
keywords=modbustcpethernet
module=0 Foundation
parameter=ip
parameter_class=input_control
type_list=string
default_type=string
sem_type=string
multivalue=false
parameter=port
parameter_class=input_control
type_list=integer
default_type=integer
sem_type=number
multivalue=false
parameter=handle
parameter_class=output_control
type_list=handle
default_type=handle
sem_type=handle
multivalue=false
modbus_rtu_connect(port,baud,parity,data_bits,stop_bits,RS233orRS485,handle)
short.ascii=Connect to Modbus RTU device.
keywords=modbusrtuserial
module=0 Foundation
parameter=port
parameter_class=input_control
type_list=string
default_type=string
sem_type=string
multivalue=false
parameter=baud
parameter_class=input_control
type_list=integer
default_type=integer
sem_type=number
multivalue=false
parameter=parity
parameter_class=input_control
type_list=string
default_type=string
sem_type=string
multivalue=false
parameter=data_bits
parameter_class=input_control
type_list=integer
default_type=integer
sem_type=number
multivalue=false
parameter=stop_bits
parameter_class=input_control
type_list=integer
default_type=integer
sem_type=number
multivalue=false
parameter=RS233orRS485
parameter_class=input_control
type_list=integer
default_type=integer
sem_type=number
multivalue=false
parameter=handle
parameter_class=output_control
type_list=handle
default_type=handle
sem_type=handle
multivalue=false
GetStringByImageOut(outimage,msg)
short.ascii=Laplace Filter.
keywords=UserExtensions
module=0 Foundation
parameter=outimage
parameter_class=input_object
sem_type=image
multivalue=optional
parameter=msg
parameter_class=output_control
type_list=string
default_type=string
sem_type=string
multivalue=false
SetStringByImageIn(outimage,msg)
short.ascii=Laplace Filter.
keywords=UserExtensions
module=0 Foundation
parameter=outimage
parameter_class=output_object
sem_type=image
multivalue=optional
parameter=msg
parameter_class=input_control
type_list=string
default_type=string
sem_type=string
multivalue=false
sqlite3_loadOrSaveDb(DbNumber,zFilename,isSave)
short.ascii=Laplace Filter.
keywords=UserExtensions
module=0 Foundation
parameter=DbNumber
parameter_class=input_control
type_list=handle
default_type=handle
sem_type=handle
multivalue=false
parameter=zFilename
parameter_class=input_control
type_list=string
default_type=string
sem_type=string
multivalue=false
parameter=isSave
parameter_class=input_control
type_list=integer
default_type=integer
sem_type=number
multivalue=false
sqlite3_exec(DbNumber,sql,errmsg)
short.ascii=Laplace Filter.
keywords=UserExtensions
module=0 Foundation
parameter=DbNumber
parameter_class=input_control
type_list=handle
default_type=handle
sem_type=handle
multivalue=false
parameter=sql
parameter_class=input_control
type_list=string
default_type=string
sem_type=string
multivalue=false
parameter=errmsg
parameter_class=output_control
type_list=string
default_type=string
sem_type=string
multivalue=false
sqlite3_get_table(DbNumber,sql,table_names,X,Y,errmsg)
short.ascii=Laplace Filter.
keywords=UserExtensions
module=0 Foundation
parameter=DbNumber
parameter_class=input_control
type_list=handle
default_type=handle
sem_type=handle
multivalue=false
parameter=sql
parameter_class=input_control
type_list=string
default_type=string
sem_type=string
multivalue=false
parameter=table_names
parameter_class=output_control
type_list=string
default_type=string
sem_type=string
multivalue=false
parameter=X
parameter_class=output_control
type_list=integer
default_type=integer
sem_type=number
multivalue=false
parameter=Y
parameter_class=output_control
type_list=integer
default_type=integer
sem_type=number
multivalue=false
parameter=errmsg
parameter_class=output_control
type_list=string
default_type=string
sem_type=string
multivalue=false
sqlite3_close(DbNumber)
short.ascii=Laplace Filter.
keywords=UserExtensions
module=0 Foundation
parameter=DbNumber
parameter_class=input_control
type_list=handle
default_type=handle
sem_type=handle
multivalue=false
sqlite3_open(filename,DbNumber)
short.ascii=Laplace Filter.
keywords=UserExtensions
module=0 Foundation
parameter=filename
parameter_class=input_control
type_list=string
default_type=string
sem_type=string
multivalue=false
parameter=DbNumber
parameter_class=output_control
type_list=handle
default_type=handle
sem_type=handle
multivalue=false
